{"binding_status":"DIAGNOSTIC_ONLY_UNACCEPTED","blas_threads":1,"bound_bytes":2147483648,"diagnostic_binding_sha256":"3059b4325b3a7c3b115dbdcfe16ffd8fee438c5e182f0245ee1e67d7eeb9076c","event":"start","fixture_sha256":"4a48c81877a7ffffa1ccd090cfb2d9f3dfcfac478fff52640b16b9a7aef90efe","iterations":4,"numerical_workers_max":1,"original_seal_sha256":"d1eaf8101bf2c11ba17baf3f1afa05af29e9dd5bfb4bede361f84a949d661dad","parent_pid":74407}
{"phase": "qualification_record", "recording_id": "994b9095fb35625b16fd1e8f", "resources": {"cpu_seconds": 2.1303229999999997, "process_peak_rss_bytes": 806535168, "measurement_boundary": "joined child lifetime; cumulative child RSS upper bound"}}
{"accounted_child_cpu_seconds":2.1303229999999997,"aggregate_cpu_seconds":3.6391679999999997,"aggregate_peak_rss_bytes":1062387712,"event":"record","fields":["channels","decoder_warnings","digital_conversion","duration_metadata_error_samples","duration_seconds","excluded_undeclared_channels","gaps","native_nonfinite_samples_by_channel","sample_rate_hz","samples_per_channel"],"fields_equal":true,"index":0,"os_child_cpu_seconds":2.1303229999999997,"parent_peak_rss_bytes":255852544,"post_snapshot_cpu_gap_seconds":0.0,"worker_cpu_seconds":2.1303229999999997,"worker_peak_rss_bytes":806535168}
{"phase": "qualification_record", "recording_id": "994b9095fb35625b16fd1e8f", "resources": {"cpu_seconds": 2.212919, "process_peak_rss_bytes": 806797312, "measurement_boundary": "joined child lifetime; cumulative child RSS upper bound"}}
{"accounted_child_cpu_seconds":2.2129190000000003,"aggregate_cpu_seconds":5.8666160000000005,"aggregate_peak_rss_bytes":1062649856,"event":"record","fields":["channels","decoder_warnings","digital_conversion","duration_metadata_error_samples","duration_seconds","excluded_undeclared_channels","gaps","native_nonfinite_samples_by_channel","sample_rate_hz","samples_per_channel"],"fields_equal":true,"index":1,"os_child_cpu_seconds":2.2129190000000003,"parent_peak_rss_bytes":255852544,"post_snapshot_cpu_gap_seconds":0.0,"worker_cpu_seconds":4.343242,"worker_peak_rss_bytes":806797312}
{"phase": "qualification_record", "recording_id": "994b9095fb35625b16fd1e8f", "resources": {"cpu_seconds": 2.2163500000000003, "process_peak_rss_bytes": 807059456, "measurement_boundary": "joined child lifetime; cumulative child RSS upper bound"}}
{"accounted_child_cpu_seconds":2.2163500000000003,"aggregate_cpu_seconds":8.096079,"aggregate_peak_rss_bytes":1062912000,"event":"record","fields":["channels","decoder_warnings","digital_conversion","duration_metadata_error_samples","duration_seconds","excluded_undeclared_channels","gaps","native_nonfinite_samples_by_channel","sample_rate_hz","samples_per_channel"],"fields_equal":true,"index":2,"os_child_cpu_seconds":2.2163500000000003,"parent_peak_rss_bytes":255852544,"post_snapshot_cpu_gap_seconds":0.0,"worker_cpu_seconds":6.559592,"worker_peak_rss_bytes":807059456}
{"phase": "qualification_record", "recording_id": "994b9095fb35625b16fd1e8f", "resources": {"cpu_seconds": 2.1768710000000002, "process_peak_rss_bytes": 807206912, "measurement_boundary": "joined child lifetime; cumulative child RSS upper bound"}}
{"accounted_child_cpu_seconds":2.1768710000000002,"aggregate_cpu_seconds":10.286776,"aggregate_peak_rss_bytes":1063059456,"event":"record","fields":["channels","decoder_warnings","digital_conversion","duration_metadata_error_samples","duration_seconds","excluded_undeclared_channels","gaps","native_nonfinite_samples_by_channel","sample_rate_hz","samples_per_channel"],"fields_equal":true,"index":3,"os_child_cpu_seconds":2.1768710000000002,"parent_peak_rss_bytes":255852544,"post_snapshot_cpu_gap_seconds":0.0,"worker_cpu_seconds":8.736463,"worker_peak_rss_bytes":807206912}
{"phase": "qualification_record", "recording_id": "994b9095fb35625b16fd1e8f", "resources": {"cpu_seconds": 1.878579000000001, "process_peak_rss_bytes": 807206912, "measurement_boundary": "joined child lifetime; cumulative child RSS upper bound"}}
{"event":"known_decoder_rejection","reason":"ValueError: declared EEG microvolt units required"}
{"phase": "qualification_record", "recording_id": "994b9095fb35625b16fd1e8f", "resources": {"cpu_seconds": 1.9258489999999997, "process_peak_rss_bytes": 807206912, "measurement_boundary": "joined child lifetime; cumulative child RSS upper bound"}}
{"event":"unexpected_worker_error","fatal":"qualification worker: TypeError: 'NoneType' object is not subscriptable"}
Process SpawnProcess-7:
Traceback (most recent call last):
  File "/Users/studio1/.local/share/uv/python/cpython-3.12.14-macos-aarch64-none/lib/python3.12/multiprocessing/process.py", line 314, in _bootstrap
    self.run()
  File "/Users/studio1/.local/share/uv/python/cpython-3.12.14-macos-aarch64-none/lib/python3.12/multiprocessing/process.py", line 108, in run
    self._target(*self._args, **self._kwargs)
  File "/Users/studio1/lanes.noindex/eco-uzwh8s.38.3.1/scratch/v4-repo/eegt/validation_intake.py", line 317, in _qualification_process
    verify_loaded_sources(seal)
  File "/Users/studio1/lanes.noindex/eco-uzwh8s.38.3.1/scratch/v4-repo/eegt/validation_provenance.py", line 39, in verify_loaded_sources
    raise ValueError(f'loaded EEGT source differs from accepted freeze: {relative}')
ValueError: loaded EEGT source differs from accepted freeze: eegt/repeated.py
{"active_children":0,"event":"source_drift","fatal":"qualification worker returned no result"}
{"aggregate_cpu_seconds":14.132684000000001,"all_ten_fields_equal":true,"diagnostic_only":true,"event":"result","iterations":4,"max_aggregate_peak_rss_bytes":1063059456,"max_worker_peak_rss_bytes":807206912,"measured_worker_cpu_seconds":12.540891000000002,"no_active_children":true,"os_children_cpu_seconds_including_startup_and_failure_probes":14.287654999999999,"parent_peak_rss_bytes":255868928,"rss_bound_bytes":2147483648,"wall_seconds":15.431268458021805}
