Traceback (most recent call last):
  File "/Users/studio1/lanes.noindex/eco-uzwh8s.38.1/repo/scripts/prepare_validation.py", line 61, in <module>
    main()
  File "/Users/studio1/lanes.noindex/eco-uzwh8s.38.1/repo/scripts/prepare_validation.py", line 43, in main
    result = intake.qualify_sources(args.root)
             ^^^^^^^^^^^^^^^^^^^^^^^^^^^^^^^^^
  File "/Users/studio1/lanes.noindex/eco-uzwh8s.38.1/repo/eegt/validation_intake.py", line 345, in qualify_sources
    guard.after_record(index, rec["recording_id"])
  File "/Users/studio1/lanes.noindex/eco-uzwh8s.38.1/repo/eegt/validation_intake.py", line 164, in after_record
    measured = self.check()
               ^^^^^^^^^^^^
  File "/Users/studio1/lanes.noindex/eco-uzwh8s.38.1/repo/eegt/validation_intake.py", line 156, in check
    _check_bounds(measured, self.seal["resource_bounds"])
  File "/Users/studio1/lanes.noindex/eco-uzwh8s.38.1/repo/eegt/validation_study.py", line 576, in _check_bounds
    raise RuntimeError("fixed CPU/RSS/artifact bound exceeded")
RuntimeError: fixed CPU/RSS/artifact bound exceeded
        9.05 real         3.29 user         1.31 sys
          2215034880  maximum resident set size
                   0  average shared memory size
                   0  average unshared data size
                   0  average unshared stack size
              142112  page reclaims
                1033  page faults
                   0  swaps
                   0  block input operations
                   0  block output operations
                   0  messages sent
                   0  messages received
                   0  signals received
                1169  voluntary context switches
               11411  involuntary context switches
         14804973862  instructions retired
          8903607010  cycles elapsed
          2187986960  peak memory footprint
