/Users/studio1/lanes.noindex/eco-uzwh8s.30/scratch/venv/lib/python3.12/site-packages/torch/nn/utils/weight_norm.py:134: FutureWarning: `torch.nn.utils.weight_norm` is deprecated in favor of `torch.nn.utils.parametrizations.weight_norm`.
  WeightNorm.apply(module, name, dim)
/Users/studio1/lanes.noindex/eco-uzwh8s.30/scratch/venv/lib/python3.12/site-packages/torch/nn/functional.py:1381: UserWarning: dropout2d: Received a 3D input to dropout2d and assuming that channel-wise 1D dropout behavior is desired - input is interpreted as shape (N, C, L), where C is the channel dim. This behavior will change in a future release to interpret the input as one without a batch dimension, i.e. shape (C, H, W). To maintain the 1D channel-wise dropout behavior, please switch to using dropout1d instead.
  warnings.warn("dropout2d: Received a 3D input to dropout2d and assuming that channel-wise "
       55.47 real        54.50 user         0.95 sys
           786022400  maximum resident set size
                   0  average shared memory size
                   0  average unshared data size
                   0  average unshared stack size
               65028  page reclaims
                   0  page faults
                   0  swaps
                   0  block input operations
                   0  block output operations
                   0  messages sent
                   0  messages received
                   0  signals received
                   2  voluntary context switches
                 503  involuntary context switches
        813960020129  instructions retired
        190568256595  cycles elapsed
           644859104  peak memory footprint
