Traceback (most recent call last):
  File "/Users/studio1/lanes.noindex/eco-uzwh8s.38.1/repo/scripts/prepare_validation.py", line 61, in <module>
    main()
  File "/Users/studio1/lanes.noindex/eco-uzwh8s.38.1/repo/scripts/prepare_validation.py", line 43, in main
    result = intake.qualify_sources(args.root)
             ^^^^^^^^^^^^^^^^^^^^^^^^^^^^^^^^^
  File "/Users/studio1/lanes.noindex/eco-uzwh8s.38.1/repo/eegt/validation_intake.py", line 345, in qualify_sources
    guard.after_record(index, rec["recording_id"])
  File "/Users/studio1/lanes.noindex/eco-uzwh8s.38.1/repo/eegt/validation_intake.py", line 171, in after_record
    raise RuntimeError(f"first-record review required: {self.phase}")
RuntimeError: first-record review required: intake-qualify
        7.32 real         2.10 user         0.70 sys
           676708352  maximum resident set size
                   0  average shared memory size
                   0  average unshared data size
                   0  average unshared stack size
               48221  page reclaims
                1033  page faults
                   0  swaps
                   0  block input operations
                   0  block output operations
                   0  messages sent
                   0  messages received
                   0  signals received
                1351  voluntary context switches
                7981  involuntary context switches
          8832580708  instructions retired
          5476631673  cycles elapsed
           648889256  peak memory footprint
