combined_shared_gate ACCEPTED
engineering_sessions ['005', '006']
engineering_shape (2, 12, 15000)
engineering_masked_tail True
per_row_hashes_match True
        2.28 real         1.35 user         0.33 sys
           112689152  maximum resident set size
                   0  average shared memory size
                   0  average unshared data size
                   0  average unshared stack size
               14248  page reclaims
                   0  page faults
                   0  swaps
                   0  block input operations
                   0  block output operations
                   0  messages sent
                   0  messages received
                   0  signals received
                 248  voluntary context switches
                4816  involuntary context switches
          5275759217  instructions retired
          3313102374  cycles elapsed
            83837504  peak memory footprint
