infer FileNotFoundError RUN-SOURCE-MANIFEST.json
events FileNotFoundError RUN-SOURCE-MANIFEST.json
replay FileNotFoundError RUN-SOURCE-MANIFEST.json
engineering FileNotFoundError RUN-SOURCE-MANIFEST.json
numeric_input_load_calls 0
        1.71 real         0.93 user         0.26 sys
            97845248  maximum resident set size
                   0  average shared memory size
                   0  average unshared data size
                   0  average unshared stack size
               13322  page reclaims
                   0  page faults
                   0  swaps
                   0  block input operations
                   0  block output operations
                   0  messages sent
                   0  messages received
                   0  signals received
                 221  voluntary context switches
                3742  involuntary context switches
          3669916202  instructions retired
          2385455907  cycles elapsed
            69059112  peak memory footprint
