acquire FileNotFoundError RUN-SOURCE-MANIFEST.json
qualify FileNotFoundError RUN-SOURCE-MANIFEST.json
quality FileNotFoundError RUN-SOURCE-MANIFEST.json
prepare FileNotFoundError RUN-SOURCE-MANIFEST.json
engineering_prepare FileNotFoundError RUN-SOURCE-MANIFEST.json
acquire_file_calls 0
qualify_record_calls 0
read_raw_eeglab_calls 0
engineering_read_window_calls 0
        8.37 real         2.01 user         0.68 sys
           118095872  maximum resident set size
                   0  average shared memory size
                   0  average unshared data size
                   0  average unshared stack size
               13516  page reclaims
                1146  page faults
                   0  swaps
                   0  block input operations
                   0  block output operations
                   0  messages sent
                   0  messages received
                   0  signals received
                1547  voluntary context switches
               11192  involuntary context switches
          7220943190  instructions retired
          5572962404  cycles elapsed
            90472976  peak memory footprint
