infer FileNotFoundError RUN-SOURCE-MANIFEST.json
events FileNotFoundError RUN-SOURCE-MANIFEST.json
replay FileNotFoundError RUN-SOURCE-MANIFEST.json
engineering FileNotFoundError RUN-SOURCE-MANIFEST.json
numeric_input_load_calls 0
        2.03 real         1.05 user         0.31 sys
            91537408  maximum resident set size
                   0  average shared memory size
                   0  average unshared data size
                   0  average unshared stack size
               12897  page reclaims
                   0  page faults
                   0  swaps
                   0  block input operations
                   0  block output operations
                   0  messages sent
                   0  messages received
                   0  signals received
                 253  voluntary context switches
                3396  involuntary context switches
          3514452163  instructions retired
          2682983746  cycles elapsed
            63078952  peak memory footprint
