infer FileNotFoundError RUN-SOURCE-MANIFEST.json
events FileNotFoundError RUN-SOURCE-MANIFEST.json
replay FileNotFoundError RUN-SOURCE-MANIFEST.json
engineering FileNotFoundError RUN-SOURCE-MANIFEST.json
numeric_input_load_calls 0
        5.76 real         0.99 user         0.36 sys
            97288192  maximum resident set size
                   0  average shared memory size
                   0  average unshared data size
                   0  average unshared stack size
               13271  page reclaims
                  17  page faults
                   0  swaps
                   0  block input operations
                   0  block output operations
                   0  messages sent
                   0  messages received
                   0  signals received
                1179  voluntary context switches
                4653  involuntary context switches
          3776761282  instructions retired
          2920169840  cycles elapsed
            68502056  peak memory footprint
